2026-05-11 14:01:46.389: [INFO] VisibilityChanged: 0
2026-05-11 14:01:46.508: [INFO] RecordSyncInitDuration has_sync_been_enabled: 0 state: 0
2026-05-11 14:01:46.510: [INFO] RecordSyncInitDuration has_sync_been_enabled: 0 state: 0
2026-05-11 14:01:46.511: [INFO] RecordSyncInitDuration has_sync_been_enabled: 0 state: 0
2026-05-11 14:01:46.512: [INFO] RecordSyncInitDuration has_sync_been_enabled: 0 state: 0
2026-05-11 14:01:46.513: [INFO] RecordSyncInitDuration has_sync_been_enabled: 0 state: 0
2026-05-11 14:01:46.514: [INFO] RecordSyncInitDuration has_sync_been_enabled: 0 state: 0
2026-05-11 14:01:46.515: [INFO] RecordSyncInitDuration has_sync_been_enabled: 0 state: 0
2026-05-11 14:01:46.516: [INFO] RecordSyncInitDuration has_sync_been_enabled: 0 state: 0
2026-05-11 14:01:46.517: [INFO] RecordSyncInitDuration has_sync_been_enabled: 0 state: 0
2026-05-11 14:01:46.518: [INFO] RecordSyncInitDuration has_sync_been_enabled: 0 state: 0
2026-05-11 14:01:46.519: [INFO] RecordSyncInitDuration has_sync_been_enabled: 0 state: 0
2026-05-11 14:01:46.520: [INFO] RecordSyncInitDuration has_sync_been_enabled: 0 state: 0
2026-05-11 14:01:46.538: [INFO] BookmarkModelLoaded, ids_reassigned: 0
2026-05-11 14:01:46.538: [INFO] OnDoneLoading sync enabled: 0
2026-05-11 14:01:46.578: [INFO] RecordSyncInitDuration has_sync_been_enabled: 0 state: 0
2026-05-11 14:01:47.475: [INFO] RecordSyncInitDuration has_sync_been_enabled: 0 state: 0
2026-05-11 14:01:47.508: [INFO] RecordSyncInitDuration has_sync_been_enabled: 0 state: 0
2026-05-11 14:01:47.511: [INFO] Primary account changed.
2026-05-11 14:01:47.511: [INFO] OnPrimaryAccountChanged PrimaryAccountChangeEvent::Type::kSet
2026-05-11 14:01:47.515: [INFO] RecordSyncInitDuration has_sync_been_enabled: 0 state: 0
2026-05-11 14:01:47.516: [INFO] RecordSyncInitDuration has_sync_been_enabled: 0 state: 0
